../Core/Src/main.c:75:6:line_append	16	static
../Core/Src/main.c:155:5:__io_putchar	24	static
../Core/Src/main.c:173:5:main	24	static
../Core/Src/main.c:262:6:SystemClock_Config	96	static
../Core/Src/main.c:312:13:MX_TIM4_Init	40	static
../Core/Src/main.c:357:13:MX_TIM6_Init	24	static
../Core/Src/main.c:395:13:MX_USART2_UART_Init	8	static
../Core/Src/main.c:430:13:MX_GPIO_Init	48	static
../Core/Src/main.c:479:6:HAL_GPIO_EXTI_Callback	16	static
../Core/Src/main.c:487:6:HAL_TIM_PeriodElapsedCallback	16	static
../Core/Src/main.c:504:6:Error_Handler	4	static,ignoring_inline_asm
