../Core/Src/main.c:75:6:line_append	16	static
../Core/Src/main.c:159:5:__io_putchar	24	static
../Core/Src/main.c:177:5:main	24	static
../Core/Src/main.c:280:6:SystemClock_Config	96	static
../Core/Src/main.c:330:13:MX_TIM4_Init	40	static
../Core/Src/main.c:375:13:MX_TIM6_Init	24	static
../Core/Src/main.c:413:13:MX_USART2_UART_Init	8	static
../Core/Src/main.c:448:13:MX_GPIO_Init	48	static
../Core/Src/main.c:497:6:HAL_GPIO_EXTI_Callback	16	static
../Core/Src/main.c:505:6:HAL_TIM_PeriodElapsedCallback	16	static
../Core/Src/main.c:522:6:Error_Handler	4	static,ignoring_inline_asm
